
C:\Users\arif3\Downloads\terrece-master\terrece-master>call npm install -g pnpm 

added 1 package in 4s

1 package is looking for funding
  run `npm fund` for details
Scope: all 9 workspace projects
Lockfile is up to date, resolution step is skipped
Already up to date

. preinstall$ sh -c 'rm -f package-lock.json yarn.lock; case "$npm_config_user_agent" in pnpm/*) ;; *) echo "Use pnpm instead" >&2; exit 1 ;; esac'
. preinstall: 'sh' is not recognized as an internal or external command,
. preinstall: operable program or batch file.
. preinstall: Failed
ΓÇëELIFECYCLEΓÇë Command failed with exit code 1.

> workspace@0.0.0 build C:\Users\arif3\Downloads\terrece-master\terrece-master
> pnpm run typecheck && pnpm -r --if-present run build


> workspace@0.0.0 typecheck C:\Users\arif3\Downloads\terrece-master\terrece-master
> pnpm run typecheck:libs && pnpm -r --filter "./artifacts/**" --filter "./scripts" --if-present run typecheck


> workspace@0.0.0 typecheck:libs C:\Users\arif3\Downloads\terrece-master\terrece-master
> tsc --build

lib/api-zod/src/index.ts(2,1): error TS2308: Module "./generated/api" has already exported a member named 'CreatePriceEntryBody'. Consider explicitly re-exporting to resolve the ambiguity.
lib/api-zod/src/index.ts(2,1): error TS2308: Module "./generated/api" has already exported a member named 'LoginBody'. Consider explicitly re-exporting to resolve the ambiguity.
lib/api-zod/src/index.ts(2,1): error TS2308: Module "./generated/api" has already exported a member named 'RegisterBody'. Consider explicitly re-exporting to resolve the ambiguity.
ΓÇëELIFECYCLEΓÇë Command failed with exit code 1.
ΓÇëELIFECYCLEΓÇë Command failed with exit code 1.
ΓÇëELIFECYCLEΓÇë Command failed with exit code 1.
