
> workspace@0.0.0 typecheck C:\Users\arif3\Downloads\terrece-master\terrece-master
> pnpm run typecheck:libs && pnpm -r --filter "./artifacts/**" --filter "./scripts" --if-present run typecheck


> workspace@0.0.0 typecheck:libs C:\Users\arif3\Downloads\terrece-master\terrece-master
> tsc --build

lib/api-zod/src/index.ts(2,1): error TS2308: Module "./generated/api" has already exported a member named 'CreatePriceEntryBody'. Consider explicitly re-exporting to resolve the ambiguity.
lib/api-zod/src/index.ts(2,1): error TS2308: Module "./generated/api" has already exported a member named 'LoginBody'. Consider explicitly re-exporting to resolve the ambiguity.
lib/api-zod/src/index.ts(2,1): error TS2308: Module "./generated/api" has already exported a member named 'RegisterBody'. Consider explicitly re-exporting to resolve the ambiguity.
ΓÇëELIFECYCLEΓÇë Command failed with exit code 1.
ΓÇëELIFECYCLEΓÇë Command failed with exit code 1.
